{
    "fim_property_score": [
        [
            [
                0.015531910928451874,
                0.2208764443326237
            ],
            [
                0.2208764443326237,
                6.006371022760652
            ]
        ]
    ]
}
