{
    "score_quantity": "DIVERSITY",
    "descriptors_key": "descriptors",
    "bandwidth": 0.015
}