{
    "quests_efficiency_score": [
        [
            1.0000000000000002
        ]
    ],
    "_metadata": {
        "bandwidth": 0.015
    }
}
