{
    "fim_property_score": [
	[
	    88.8789732529558,
	    4.490827094658385
	],
	[
	    4.490827094658385,
	    2.376937137063335
	]
    ]
}
