{
    "score_quantity": "EFFICIENCY",
    "descriptors_key": "descriptors",
    "bandwidth": 0.015
}