{
    "quests_diversity_score": [
        6.356107660695891
    ],
    "_metadata": {}
}
